function: hello_world
positional parameters: none
keyword parameters: none
return: 'Hello, World!'
function: always_true
positional parameters: [1, 2, 3]
keyword parameters: none
return: True
function: return_decorator
positional parameters: none
keyword parameters: {'foo': 'bar', 'baz': 42}
return: <function logger_decorator at 0x1068f3790>
function: hello_world
positional parameters: none
keyword parameters: none
return: 'Hello, World!'
function: always_true
positional parameters: [1, 2, 3]
keyword parameters: none
return: True
function: return_decorator
positional parameters: none
keyword parameters: {'foo': 'bar', 'baz': 42}
return: <function logger_decorator at 0x101fc7790>
